\BOOKMARK [1][-]{section.1}{\376\377\000I\000n\000t\000r\000o\000d\000u\000c\000t\000i\000o\000n}{}% 1
\BOOKMARK [1][-]{section.2}{\376\377\000R\000e\000l\000a\000t\000e\000d\000\040\000W\000o\000r\000k}{}% 2
\BOOKMARK [2][-]{subsection.2.1}{\376\377\000I\000n\000t\000e\000r\000-\000P\000a\000t\000i\000e\000n\000t\000\040\000E\000v\000a\000l\000u\000a\000t\000i\000o\000n\000\040\000P\000a\000r\000a\000d\000i\000g\000m}{section.2}% 3
\BOOKMARK [2][-]{subsection.2.2}{\376\377\000E\000x\000p\000l\000a\000i\000n\000a\000b\000i\000l\000i\000t\000y\000\040\000a\000n\000d\000\040\000K\000o\000l\000m\000o\000g\000o\000r\000o\000v\000-\000A\000r\000n\000o\000l\000d\000\040\000N\000e\000t\000w\000o\000r\000k\000s}{section.2}% 4
\BOOKMARK [2][-]{subsection.2.3}{\376\377\000H\000a\000n\000d\000l\000i\000n\000g\000\040\000I\000m\000b\000a\000l\000a\000n\000c\000e\000\040\000a\000n\000d\000\040\000E\000d\000g\000e\000\040\000C\000o\000n\000s\000t\000r\000a\000i\000n\000t\000s}{section.2}% 5
\BOOKMARK [1][-]{section.3}{\376\377\000M\000e\000t\000h\000o\000d\000o\000l\000o\000g\000y}{}% 6
\BOOKMARK [2][-]{subsection.3.1}{\376\377\000P\000r\000o\000b\000l\000e\000m\000\040\000F\000o\000r\000m\000a\000l\000i\000z\000a\000t\000i\000o\000n}{section.3}% 7
\BOOKMARK [2][-]{subsection.3.2}{\376\377\000T\000h\000e\000\040\000W\000a\000v\000K\000A\000N\000-\000v\0002\000\040\000A\000r\000c\000h\000i\000t\000e\000c\000t\000u\000r\000e}{section.3}% 8
\BOOKMARK [3][-]{subsubsection.3.2.1}{\376\377\000F\000e\000a\000t\000u\000r\000e\000\040\000E\000x\000t\000r\000a\000c\000t\000i\000o\000n\000:\000\040\000W\000a\000v\000K\000A\000N\000\040\000B\000a\000c\000k\000b\000o\000n\000e}{subsection.3.2}% 9
\BOOKMARK [3][-]{subsubsection.3.2.2}{\376\377\000R\000h\000y\000t\000h\000m\000\040\000E\000n\000c\000o\000d\000i\000n\000g}{subsection.3.2}% 10
\BOOKMARK [3][-]{subsubsection.3.2.3}{\376\377\000F\000u\000s\000i\000o\000n\000\040\000a\000n\000d\000\040\000C\000l\000a\000s\000s\000i\000f\000i\000c\000a\000t\000i\000o\000n}{subsection.3.2}% 11
\BOOKMARK [2][-]{subsection.3.3}{\376\377\000P\000r\000o\000g\000r\000e\000s\000s\000i\000v\000e\000\040\000C\000u\000r\000r\000i\000c\000u\000l\000u\000m\000\040\000A\000n\000c\000h\000o\000r\000i\000n\000g\000\040\000\050\000P\000C\000A\000\051}{section.3}% 12
\BOOKMARK [1][-]{section.4}{\376\377\000D\000a\000t\000a\000s\000e\000t\000\040\000a\000n\000d\000\040\000E\000v\000a\000l\000u\000a\000t\000i\000o\000n\000\040\000P\000r\000o\000t\000o\000c\000o\000l}{}% 13
\BOOKMARK [2][-]{subsection.4.1}{\376\377\000I\000n\000t\000e\000r\000-\000P\000a\000t\000i\000e\000n\000t\000\040\000D\000a\000t\000a\000\040\000S\000p\000l\000i\000t\000t\000i\000n\000g\000\040\000P\000r\000o\000t\000o\000c\000o\000l}{section.4}% 14
\BOOKMARK [2][-]{subsection.4.2}{\376\377\000C\000l\000a\000s\000s\000\040\000D\000i\000s\000t\000r\000i\000b\000u\000t\000i\000o\000n\000\040\000a\000n\000d\000\040\000A\000A\000M\000I\000\040\000M\000a\000p\000p\000i\000n\000g}{section.4}% 15
\BOOKMARK [1][-]{section.5}{\376\377\000E\000x\000p\000e\000r\000i\000m\000e\000n\000t\000a\000l\000\040\000S\000e\000t\000u\000p}{}% 16
\BOOKMARK [2][-]{subsection.5.1}{\376\377\000T\000r\000a\000i\000n\000i\000n\000g\000\040\000D\000e\000t\000a\000i\000l\000s}{section.5}% 17
\BOOKMARK [2][-]{subsection.5.2}{\376\377\000B\000a\000s\000e\000l\000i\000n\000e\000s}{section.5}% 18
\BOOKMARK [1][-]{section.6}{\376\377\000R\000e\000s\000u\000l\000t\000s}{}% 19
\BOOKMARK [2][-]{subsection.6.1}{\376\377\000C\000u\000r\000r\000i\000c\000u\000l\000u\000m\000\040\000v\000s\000.\000\040\000F\000a\000i\000r\000\040\000B\000a\000s\000e\000l\000i\000n\000e\000\040\000\050\000W\000i\000t\000h\000i\000n\000-\000M\000o\000d\000e\000l\000,\000\040\0002\0000\000\040\000S\000e\000e\000d\000s\000\051}{section.6}% 20
\BOOKMARK [2][-]{subsection.6.2}{\376\377\000C\000o\000m\000p\000a\000r\000i\000s\000o\000n\000\040\000A\000g\000a\000i\000n\000s\000t\000\040\000S\000t\000a\000n\000d\000a\000r\000d\000\040\000A\000r\000c\000h\000i\000t\000e\000c\000t\000u\000r\000e\000s\000\040\000\050\000C\000r\000o\000s\000s\000-\000M\000o\000d\000e\000l\000,\000\040\0002\0000\000\040\000S\000e\000e\000d\000s\000\051}{section.6}% 21
\BOOKMARK [2][-]{subsection.6.3}{\376\377\000I\000n\000t\000e\000r\000n\000a\000l\000\040\000A\000r\000c\000h\000i\000t\000e\000c\000t\000u\000r\000a\000l\000\040\000A\000b\000l\000a\000t\000i\000o\000n}{section.6}% 22
\BOOKMARK [2][-]{subsection.6.4}{\376\377\000R\000R\000-\000I\000n\000t\000e\000r\000v\000a\000l\000\040\000P\000o\000s\000i\000t\000i\000o\000n\000\040\000A\000b\000l\000a\000t\000i\000o\000n}{section.6}% 23
\BOOKMARK [2][-]{subsection.6.5}{\376\377\000C\000r\000o\000s\000s\000-\000D\000a\000t\000a\000s\000e\000t\000\040\000Z\000e\000r\000o\000-\000S\000h\000o\000t\000\040\000G\000e\000n\000e\000r\000a\000l\000i\000z\000a\000t\000i\000o\000n\000\040\000\050\000P\000T\000B\000-\000X\000L\000,\000\040\000I\000N\000C\000A\000R\000T\000,\000\040\000S\000V\000D\000B\000\051}{section.6}% 24
\BOOKMARK [2][-]{subsection.6.6}{\376\377\000Q\000u\000a\000n\000t\000i\000f\000i\000e\000d\000\040\000I\000n\000t\000e\000r\000p\000r\000e\000t\000a\000b\000i\000l\000i\000t\000y\000\040\000\050\000W\000A\000S\000\051}{section.6}% 25
\BOOKMARK [2][-]{subsection.6.7}{\376\377\000D\000e\000p\000l\000o\000y\000m\000e\000n\000t\000\040\000E\000f\000f\000i\000c\000i\000e\000n\000c\000y\000\040\000a\000n\000d\000\040\000Q\000u\000a\000n\000t\000i\000z\000a\000t\000i\000o\000n}{section.6}% 26
\BOOKMARK [1][-]{section.7}{\376\377\000D\000i\000s\000c\000u\000s\000s\000i\000o\000n}{}% 27
\BOOKMARK [2][-]{subsection.7.1}{\376\377\000S\000t\000a\000t\000i\000s\000t\000i\000c\000a\000l\000\040\000P\000a\000r\000i\000t\000y\000\040\000w\000i\000t\000h\000\040\000S\000t\000a\000n\000d\000a\000r\000d\000\040\000A\000r\000c\000h\000i\000t\000e\000c\000t\000u\000r\000e\000s\000,\000\040\000P\000l\000u\000s\000\040\000T\000w\000o\000\040\000R\000e\000a\000l\000\040\000A\000d\000d\000i\000t\000i\000o\000n\000a\000l\000\040\000P\000r\000o\000p\000e\000r\000t\000i\000e\000s}{section.7}% 28
\BOOKMARK [2][-]{subsection.7.2}{\376\377\000W\000h\000y\000\040\000t\000h\000e\000\040\000R\000R\000\040\000S\000e\000l\000f\000-\000A\000t\000t\000e\000n\000t\000i\000o\000n\000\040\000B\000r\000a\000n\000c\000h\000\040\000U\000n\000d\000e\000r\000p\000e\000r\000f\000o\000r\000m\000s}{section.7}% 29
\BOOKMARK [2][-]{subsection.7.3}{\376\377\000A\000u\000g\000m\000e\000n\000t\000a\000t\000i\000o\000n\000\040\000S\000t\000r\000a\000t\000e\000g\000i\000e\000s\000\040\000f\000o\000r\000\040\000S\000-\000C\000l\000a\000s\000s\000\040\000D\000e\000t\000e\000c\000t\000i\000o\000n}{section.7}% 30
\BOOKMARK [2][-]{subsection.7.4}{\376\377\000E\0003\000C\000\040\000C\000o\000m\000p\000l\000i\000a\000n\000c\000e}{section.7}% 31
\BOOKMARK [2][-]{subsection.7.5}{\376\377\000L\000i\000m\000i\000t\000a\000t\000i\000o\000n\000s}{section.7}% 32
\BOOKMARK [2][-]{subsection.7.6}{\376\377\000F\000u\000t\000u\000r\000e\000\040\000W\000o\000r\000k}{section.7}% 33
\BOOKMARK [1][-]{section.8}{\376\377\000C\000o\000n\000c\000l\000u\000s\000i\000o\000n}{}% 34
\BOOKMARK [1][-]{biography.0}{\376\377\000B\000i\000o\000g\000r\000a\000p\000h\000i\000e\000s}{}% 35
\BOOKMARK [2][-]{biography.1}{\376\377\000V\000e\000n\000k\000a\000t\000e\000r\000a\000m\000a\000n\000a\000n\000\040\000M\000a\000n\000i\000v\000a\000n\000n\000a\000n}{biography.0}% 36
\BOOKMARK [2][-]{biography.2}{\376\377\000R\000a\000m\000a\000n\000a\000t\000h\000a\000n\000\040\000L\000a\000k\000s\000h\000m\000a\000n\000a\000n}{biography.0}% 37
